Nothing to build in platform 'zynq7020_wrapper'

13:24:00 **** Incremental Build of configuration Debug for project mio_intr ****
make all 
make --no-print-directory pre-build
a9-linaro-pre-build-step
' '
make --no-print-directory main-build
'Building file: ../src/time/time.c'
'Invoking: ARM v7 gcc compiler'
arm-none-eabi-gcc -Wall -O0 -g3 -c -fmessage-length=0 -MT"src/time/time.o" -mcpu=cortex-a9 -mfpu=vfpv3 -mfloat-abi=hard -ID:/workspace/workspace_zynq/zynq7020/PS_DEV/mio_intr/vitis/zynq7020_wrapper/export/zynq7020_wrapper/sw/zynq7020_wrapper/standalone_ps7_cortexa9_0/bspinclude/include -MMD -MP -MF"src/time/time.d" -MT"src/time/time.o" -o "src/time/time.o" "../src/time/time.c"
../src/time/time.c: In function 'TTC_TimerIntrHandler':
../src/time/time.c:109:63: warning: format '%u' expects argument of type 'unsigned int', but argument 2 has type 'u32' {aka 'long unsigned int'} [-Wformat=]
  109 |             printf("TTC Timer interrupt occurred! TickCount: %u\n", TickCount);
      |                                                              ~^     ~~~~~~~~~
      |                                                               |     |
      |                                                               |     u32 {aka long unsigned int}
      |                                                               unsigned int
      |                                                              %lu
../src/time/time.c:101:13: warning: unused variable 'TtcInstancePtr' [-Wunused-variable]
  101 |     XTtcPs *TtcInstancePtr = (XTtcPs *)CallBackRef;
      |             ^~~~~~~~~~~~~~
'Finished building: ../src/time/time.c'
' '
'Building target: mio_intr.elf'
'Invoking: ARM v7 gcc linker'
arm-none-eabi-gcc -mcpu=cortex-a9 -mfpu=vfpv3 -mfloat-abi=hard -Wl,-build-id=none -specs=Xilinx.spec -Wl,-T -Wl,../src/lscript.ld -LD:/workspace/workspace_zynq/zynq7020/PS_DEV/mio_intr/vitis/zynq7020_wrapper/export/zynq7020_wrapper/sw/zynq7020_wrapper/standalone_ps7_cortexa9_0/bsplib/lib -o "mio_intr.elf"  ./src/uart/uart.o  ./src/time/time.o  ./src/dido/dido.o  ./src/main.o ./src/platform.o   -Wl,--start-group,-lxil,-lgcc,-lc,--end-group
'Finished building target: mio_intr.elf'
' '
'Invoking: ARM v7 Print Size'
arm-none-eabi-size mio_intr.elf  |tee "mio_intr.elf.size"
   text	   data	    bss	    dec	    hex	filename
  75687	   3588	  24920	 104195	  19703	mio_intr.elf
'Finished building: mio_intr.elf.size'
' '
13:24:02 **** Incremental Build of configuration Debug for project mio_intr_system ****
make all 
Generating bif file for the system project
generate_system_bif.bat 65397 D:/workspace/workspace_zynq/zynq7020/PS_DEV/mio_intr/vitis/zynq7020_wrapper/export/zynq7020_wrapper/zynq7020_wrapper.xpfm standalone_ps7_cortexa9_0 D:/workspace/workspace_zynq/zynq7020/PS_DEV/mio_intr/vitis/mio_intr_system/Debug/system.bif
sdcard_gen --xpfm D:/workspace/workspace_zynq/zynq7020/PS_DEV/mio_intr/vitis/zynq7020_wrapper/export/zynq7020_wrapper/zynq7020_wrapper.xpfm --sys_config zynq7020_wrapper --bif D:/workspace/workspace_zynq/zynq7020/PS_DEV/mio_intr/vitis/mio_intr_system/Debug/system.bif --bitstream D:/workspace/workspace_zynq/zynq7020/PS_DEV/mio_intr/vitis/mio_intr/_ide/bitstream/zynq7020_wrapper.bit --elf D:/workspace/workspace_zynq/zynq7020/PS_DEV/mio_intr/vitis/mio_intr/Debug/mio_intr.elf,ps7_cortexa9_0
creating BOOT.BIN using D:/workspace/workspace_zynq/zynq7020/PS_DEV/mio_intr/vitis/mio_intr/_ide/bitstream/zynq7020_wrapper.bit
Running D:/Xilinx/Vitis/2022.2/bin/bootgen  -image D:/workspace/workspace_zynq/zynq7020/PS_DEV/mio_intr/vitis/mio_intr_system/Debug/sd_card_temp/boot.bif -w -o i BOOT.BIN
