21:58:30 **** Incremental Build of configuration Debug for project gpio_mio ****
make all 
make --no-print-directory pre-build
a9-linaro-pre-build-step
' '
make --no-print-directory main-build
'Building file: ../src/main.c'
'Invoking: ARM v7 gcc compiler'
arm-none-eabi-gcc -Wall -O0 -g3 -c -fmessage-length=0 -MT"src/main.o" -mcpu=cortex-a9 -mfpu=vfpv3 -mfloat-abi=hard -ID:/workspace/workspace_zynq/zynq7020/PS_DEV/zynq_ps_code_gpio/gpio_mio/workspace_vitis/zynq7_wrapper/export/zynq7_wrapper/sw/zynq7_wrapper/standalone_ps7_cortexa9_0/bspinclude/include -MMD -MP -MF"src/main.d" -MT"src/main.o" -o "src/main.o" "../src/main.c"
'Finished building: ../src/main.c'
' '
'Building target: gpio_mio.elf'
'Invoking: ARM v7 gcc linker'
arm-none-eabi-gcc -mcpu=cortex-a9 -mfpu=vfpv3 -mfloat-abi=hard -Wl,-build-id=none -specs=Xilinx.spec -Wl,-T -Wl,../src/lscript.ld -LD:/workspace/workspace_zynq/zynq7020/PS_DEV/zynq_ps_code_gpio/gpio_mio/workspace_vitis/zynq7_wrapper/export/zynq7_wrapper/sw/zynq7_wrapper/standalone_ps7_cortexa9_0/bsplib/lib -o "gpio_mio.elf"  ./src/main.o   -Wl,--start-group,-lxil,-lgcc,-lc,--end-group
'Finished building target: gpio_mio.elf'
' '
'Invoking: ARM v7 Print Size'
arm-none-eabi-size gpio_mio.elf  |tee "gpio_mio.elf.size"
   text	   data	    bss	    dec	    hex	filename
  25641	   1152	  22584	  49377	   c0e1	gpio_mio.elf
'Finished building: gpio_mio.elf.size'
' '

21:58:31 Build Finished (took 1s.350ms)

